
 ==============================
 S N O P T  7.2-5    (May 2007)
 ==============================
 
 SNMEMB EXIT 100 -- finished successfully
 SNMEMB INFO 104 -- memory requirements estimated

 ==============================
 S N O P T  7.2-5    (May 2007)
 ==============================
 
 

 Nonlinear constraints     286     Linear constraints       0
 Nonlinear variables       196     Linear variables         0
 Jacobian  variables       196     Objective variables    196
 Total constraints         286     Total variables        196
 

 
 The user has defined   56056   out of   56056   constraint gradients.
 The user has defined     196   out of     196   objective  gradients.
 

 Major Minors     Step   nCon Feasible  Optimal  MeritFunction    nS Penalty
     0      7               1 (4.2E-16) 5.0E-02  9.4231707E-01     5           r
     1      4  5.5E-01      2  1.4E-02  6.2E-03  4.5509501E-01     6         n rl
     2      1  1.0E+00      3  5.7E-03  3.3E-02  4.1346505E-01     6         s
     3      1  3.7E-01      5  5.8E-03  1.3E-02  4.0445545E-01     6 6.1E+00
     4      1  1.0E+00      6  5.2E-03  6.5E-03  3.1966686E-01     6 2.5E+00
     5      1  1.0E+00      7  4.3E-03  7.7E-03  2.8372909E-01     6 2.5E+00
     6      1  1.0E+00      8  2.7E-03  3.7E-03  2.8096330E-01     6 2.5E+00
     7      1  1.0E+00      9  1.1E-03  9.8E-04  2.7746891E-01     6 2.5E+00
     8      1  1.0E+00     10  3.3E-04  2.0E-03  2.7753200E-01     6 1.8E+01
     9      1  1.0E+00     11  8.6E-05  5.6E-04  2.7735018E-01     6 8.5E+00

 Major Minors     Step   nCon Feasible  Optimal  MeritFunction    nS Penalty
    10      1  1.0E+00     12  2.2E-05  5.3E-04  2.7733080E-01     6 8.5E+00
    11      1  1.0E+00     13  5.4E-06  4.7E-04  2.7732642E-01     6 8.5E+00
    12      1  1.0E+00     14  1.4E-06  2.0E-03  2.7732599E-01     6 8.5E+00   R
    13      1  1.0E+00     15 (3.7E-07) 8.0E-05  2.7732817E-01     6 1.5E+05 s
    14      1  1.0E+00     16 (2.8E-07) 8.3E-04  2.7732701E-01     6 1.5E+03
    15      1  1.0E+00     17 (2.2E-07) 9.8E-05  2.7732610E-01     6 2.2E+02
    16      1  2.3E-01     19 (1.8E-07) 7.3E-05  2.7732611E-01     6 4.7E+04
    17      1  1.0E+00     20 (5.7E-08) 1.4E-05  2.7732603E-01     6 5.8E+04
    18      1  1.0E+00     21 (1.8E-08)(7.7E-06) 2.7732595E-01     6 1.9E+03
 
 SNOPTC EXIT   0 -- finished successfully
 SNOPTC INFO   1 -- optimality conditions satisfied

 Problem name                 O
 No. of iterations                  28   Objective value      2.7732592642E-01
 No. of major iterations            18   Linear objective     0.0000000000E+00
 Penalty parameter           1.924E+03   Nonlinear objective  2.7732592642E-01
 No. of calls to funobj             22   No. of calls to funcon             22
 No. of superbasics                  6   No. of basic nonlinears           190
 No. of degenerate steps             0   Percentage                       0.00
 Max x                       1 1.0E+00   Max pi                    190 2.2E-01
 Max Primal infeas           0 0.0E+00   Max Dual infeas           177 1.5E-05
 Nonlinear constraint violn    1.1E-07
 
 

 Solution printed on file  18
 
 Time for MPS input                             0.00 seconds
 Time for solving problem                    5893.88 seconds
 Time for solution output                       0.00 seconds
 Time for constraint functions               6188.51 seconds
 Time for objective function                    0.00 seconds
