
 ==============================
 S N O P T  7.2-5    (May 2007)
 ==============================
 
 SNMEMB EXIT 100 -- finished successfully
 SNMEMB INFO 104 -- memory requirements estimated

 ==============================
 S N O P T  7.2-5    (May 2007)
 ==============================
 
 

 Nonlinear constraints     286     Linear constraints       0
 Nonlinear variables       196     Linear variables         0
 Jacobian  variables       196     Objective variables    196
 Total constraints         286     Total variables        196
 

 
 The user has defined   56056   out of   56056   constraint gradients.
 The user has defined     196   out of     196   objective  gradients.
 

 Major Minors     Step   nCon Feasible  Optimal  MeritFunction    nS Penalty
     0      7               1 (4.2E-16) 5.0E-02  9.4231707E-01     5           r
     1      4  5.6E-01      2  1.4E-02  6.3E-03  4.5554735E-01     6         n rl
     2      1  1.0E+00      3  5.6E-03  3.3E-02  4.1619214E-01     6         s
     3      1  3.9E-01      5  5.5E-03  1.4E-02  4.1024567E-01     6 8.2E+00
     4      1  1.0E+00      6  4.9E-03  6.6E-03  3.2336603E-01     6 2.9E+00
     5      1  1.0E+00      7  3.8E-03  9.8E-03  2.8521534E-01     6 2.9E+00
