
         ==============================
         S N O P T  7.2-5    (May 2007)
         ==============================
      Minor feasibility tolerance  1.00000000E-06
      Major feasibility tolerance  1.00000000E-06
      Major optimality tolerance  1.00000000E-05
      Major iterations limit           50000
      Summary file 19
      Print file 18
      Derivative level               3
1
 
 SNMEMB EXIT 100 -- finished successfully
 SNMEMB INFO 104 -- memory requirements estimated

         ==============================
         S N O P T  7.2-5    (May 2007)
         ==============================
      Minor feasibility tolerance  1.00000000E-06
      Major feasibility tolerance  1.00000000E-06
      Major optimality tolerance  1.00000000E-05
      Major iterations limit           50000
      Summary file 19
      Print file 18
      Derivative level               3
1
 
 Parameters
 ==========

 Files
 -----
 Solution file..........         0       Old basis file ........         0       Standard input.........         5
 Insert file............         0       New basis file ........         0       (Printer)..............        18
 Punch file.............         0       Backup basis file......         0       (Specs file)...........         0
 Load file..............         0       Dump file..............         0       Standard output........         6

 Frequencies
 -----------
 Print frequency........       100       Check frequency........        60       Save new basis map.....       100
 Summary frequency......       100       Factorization frequency        50       Expand frequency.......     10000

 QP subproblems
 --------------
 QPsolver Cholesky......
 Scale tolerance........     0.900       Minor feasibility tol..  1.00E-06       Iteration limit........     10000
 Scale option...........         0       Minor optimality  tol..  1.00E-06       Minor print level......         1
 Crash tolerance........     0.100       Pivot tolerance........  3.25E-11       Partial price..........         1
 Crash option...........         3       Elastic weight.........  1.00E+04       Prtl price section ( A)       196
                                         New superbasics........        99       Prtl price section (-I)       286

 The SQP Method
 --------------
 Minimize...............                 Cold start.............                 Proximal Point method..         1
 Nonlinear objectiv vars       196       Major optimality tol...  1.00E-05       Function precision.....  3.00E-13
 Unbounded step size....  1.00E+20       Superbasics limit......       196       Difference interval....  5.48E-07
 Unbounded objective....  1.00E+15       Reduced Hessian dim....       196       Central difference int.  6.70E-05
 Major step limit.......  2.00E+00       Derivative linesearch..                 Derivative level.......         3
 Major iterations limit.     50000       Linesearch tolerance...   0.90000       Verify level...........         0
 Minor iterations limit.       500       Penalty parameter......  0.00E+00       Major Print Level......         1

 Hessian Approximation
 ---------------------
 Limited-Memory Hessian.                 Hessian updates........        10       Hessian frequency......  99999999
                                                                                 Hessian flush..........  99999999

 Nonlinear constraints
 ---------------------
 Nonlinear constraints..       286       Major feasibility tol..  1.00E-06       Violation limit........  1.00E+06
 Nonlinear Jacobian vars       196

 Miscellaneous
 -------------
 LU factor tolerance....      3.99       LU singularity tol.....  3.25E-11       Timing level...........         3
 LU update tolerance....      3.99       LU swap tolerance......  1.22E-04       Debug level............         0
 LU partial  pivoting...                 eps (machine precision)  2.22E-16       System information.....        No
1
 

 

 Matrix statistics
 -----------------
               Total      Normal        Free       Fixed     Bounded
 Rows            286           0           0         190          96
 Columns         196           0           0           0         196

 No. of matrix elements                56056     Density     100.000
 Biggest                          0.0000E+00  (excluding fixed columns,
 Smallest                         0.0000E+00   free rows, and RHS)

 No. of objective coefficients             0

 Nonlinear constraints     286     Linear constraints       0
 Nonlinear variables       196     Linear variables         0
 Jacobian  variables       196     Objective variables    196
 Total constraints         286     Total variables        196
1
 

 
 The user has defined   56056   out of   56056   constraint gradients.
 The user has defined     196   out of     196   objective  gradients.

 Cheap test of user-supplied problem derivatives...

 The constraint gradients seem to be OK.

 -->  The largest discrepancy was    4.27E-09  in constraint   386
 

 The objective  gradients seem to be OK.

 Gradient projected in one direction  -7.12294222507E-03
 Difference approximation             -7.74816008202E-03
1
 
 

   Itns Major Minors    Step   nCon Feasible  Optimal  MeritFunction     L+U BSwap     nS  condHz Penalty
      7     0      7              1 (4.2E-16) 5.0E-02  9.4231707E-01     603            5 1.0E+00         _  r
     11     1      4 5.6E-01      2  1.4E-02  6.3E-03  4.5554735E-01     694            6 1.9E+00         _n rl
     12     2      1 1.0E+00      3  5.6E-03  3.3E-02  4.1619214E-01     724     6      6 5.8E+00         _s
     13     3      1 3.9E-01      5  5.5E-03  1.4E-02  4.1024567E-01     724            6 1.2E+01 8.2E+00 _
     14     4      1 1.0E+00      6  4.9E-03  6.6E-03  3.2336603E-01     721     1      6 2.5E+00 2.9E+00 _
     15     5      1 1.0E+00      7  3.8E-03  9.8E-03  2.8521534E-01     721            6 4.9E+01 2.9E+00 _
